// Jest Snapshot v1, https://goo.gl/fbAQLP

exports[`Vuex Home Module should return the data 1`] = `
Object {
  "articles": Array [
    Object {
      "author": Object {},
      "body": "Lorem ipsum dolor sit amet, consectetur adipiscing elit. Sed dictum efficitur justo, nec aliquam quam rutrum in. Pellentesque vulputate augue quis vulputate finibus. Phasellus auctor semper sapien sit amet interdum. Orci varius natoque penatibus et magnis dis parturient montes, nascetur ridiculus mus. Maecenas placerat auctor metus. Integer blandit lacinia volutpat.",
      "description": "Lorem ipsum dolor sit amet, consectetur adipiscing elit. Curabitur sed cursus nisl. Morbi pulvinar nisl urna, tincidunt mattis tortor sollicitudin eget. Nulla viverra justo quis.",
      "favorited": false,
      "favoritesCount": 0,
      "slug": "Lorem ipsum dolor sit amet",
      "tagList": Array [
        "lorem",
        "ipsum",
        "javascript",
        "vue",
      ],
      "title": "123",
    },
  ],
}
`;
